// Jest Snapshot v1, https://goo.gl/fbAQLP

exports[`searchCard renders snapshot searchCard 1`] = `<DocumentFragment />`;
